[1A[2K[2m[WebServer] [22m[31mx[39m Build failed in 5.62s

[1A[2K[2m[WebServer] [22m[31merror during build:
[2m[WebServer] [22m[31msrc/lib/core/server/multi-agent-consensus.ts (23:9): "GEMINI_API_KEY" is not exported by " virtual:env/static/private", imported by "src/lib/core/server/multi-agent-consensus.ts".[31m
[2m[WebServer] [22mfile: [36m/Users/noot/Documents/communique/src/lib/core/server/multi-agent-consensus.ts:23:9[31m
[2m[WebServer] [22m[33m
[2m[WebServer] [22m21:  */
[2m[WebServer] [22m22: 
[2m[WebServer] [22m23: import { GEMINI_API_KEY, ANTHROPIC_API_KEY } from '$env/static/private';
[2m[WebServer] [22m             ^
[2m[WebServer] [22m24: 
[2m[WebServer] [22m25: export interface AgentVote {
[2m[WebServer] [22m[31m
[2m[WebServer] [22m    at getRollupError (file:///Users/noot/Documents/communique/node_modules/rollup/dist/es/shared/parseAst.js:401:41)
[2m[WebServer] [22m    at error (file:///Users/noot/Documents/communique/node_modules/rollup/dist/es/shared/parseAst.js:397:42)
[2m[WebServer] [22m    at Module.error (file:///Users/noot/Documents/communique/node_modules/rollup/dist/es/shared/node-entry.js:16815:16)
[2m[WebServer] [22m    at Module.traceVariable (file:///Users/noot/Documents/communique/node_modules/rollup/dist/es/shared/node-entry.js:17264:29)
[2m[WebServer] [22m    at ModuleScope.findVariable (file:///Users/noot/Documents/communique/node_modules/rollup/dist/es/shared/node-entry.js:14913:39)
[2m[WebServer] [22m    at FunctionScope.findVariable (file:///Users/noot/Documents/communique/node_modules/rollup/dist/es/shared/node-entry.js:5633:38)
[2m[WebServer] [22m    at FunctionBodyScope.findVariable (file:///Users/noot/Documents/communique/node_modules/rollup/dist/es/shared/node-entry.js:5633:38)
[2m[WebServer] [22m    at Identifier.bind (file:///Users/noot/Documents/communique/node_modules/rollup/dist/es/shared/node-entry.js:5407:40)
[2m[WebServer] [22m    at UnaryExpression.bind (file:///Users/noot/Documents/communique/node_modules/rollup/dist/es/shared/node-entry.js:2798:23)
[2m[WebServer] [22m    at IfStatement.bind (file:///Users/noot/Documents/communique/node_modules/rollup/dist/es/shared/node-entry.js:2798:23)[39m

Error: Process from config.webServer was not able to start. Exit code: 1

[1A[2K
To open last HTML report run:
[36m[39m
[36m  npx playwright show-report[39m
[36m[39m
